// Jest Snapshot v1, https://goo.gl/fbAQLP

exports[`<Routing/> unit test should render Routing component 1`] = `
<BrowserRouter>
  <Switch>
    <Route
      component={[Function]}
      exact={true}
      path="/"
    />
    <Route
      component={[Function]}
      path="/joke/:id"
    />
    <Redirect
      to="/"
    />
  </Switch>
</BrowserRouter>
`;
